00:00 +0: loading C:/Users/Nishad/Desktop/WEB/Kitbase/kitbase_flutter/test/widget_test.dart
00:00 +0 -1: loading C:/Users/Nishad/Desktop/WEB/Kitbase/kitbase_flutter/test/widget_test.dart [E]
  Failed to load "C:/Users/Nishad/Desktop/WEB/Kitbase/kitbase_flutter/test/widget_test.dart":
  Compilation failed for testPath=C:/Users/Nishad/Desktop/WEB/Kitbase/kitbase_flutter/test/widget_test.dart: lib/presentation/screens/home/home_screen.dart:2:8: Error: Error when reading 'lib/presentation/core/constants/tools_registry.dart': The system cannot find the path specified
  import '../../core/constants/tools_registry.dart';
         ^
  lib/presentation/screens/home/home_screen.dart:3:8: Error: Error when reading 'lib/presentation/screens/widgets/cards.dart': The system cannot find the path specified
  import '../widgets/cards.dart';
         ^
  lib/presentation/screens/home/home_screen.dart:4:8: Error: Error when reading 'lib/presentation/main.dart': The system cannot find the file specified
  import '../../main.dart';
         ^
  lib/core/theme/app_theme.dart:39:18: Error: The argument type 'CardTheme' can't be assigned to the parameter type 'CardThemeData?'.
   - 'CardTheme' is from 'package:flutter/src/material/card_theme.dart' ('../../../../develop/flutter/packages/flutter/lib/src/material/card_theme.dart').
   - 'CardThemeData' is from 'package:flutter/src/material/card_theme.dart' ('../../../../develop/flutter/packages/flutter/lib/src/material/card_theme.dart').
        cardTheme: CardTheme(
                   ^
  lib/core/theme/app_theme.dart:86:18: Error: The argument type 'CardTheme' can't be assigned to the parameter type 'CardThemeData?'.
   - 'CardTheme' is from 'package:flutter/src/material/card_theme.dart' ('../../../../develop/flutter/packages/flutter/lib/src/material/card_theme.dart').
   - 'CardThemeData' is from 'package:flutter/src/material/card_theme.dart' ('../../../../develop/flutter/packages/flutter/lib/src/material/card_theme.dart').
        cardTheme: CardTheme(
                   ^
  lib/presentation/screens/home/home_screen.dart:11:26: Error: The getter 'ToolsRegistry' isn't defined for the type 'HomeScreen'.
   - 'HomeScreen' is from 'package:kitbase_flutter/presentation/screens/home/home_screen.dart' ('lib/presentation/screens/home/home_screen.dart').
  Try correcting the name to the name of an existing getter, or defining a getter or field named 'ToolsRegistry'.
      final popularTools = ToolsRegistry.getPopularTools();
                           ^^^^^^^^^^^^^
  lib/presentation/screens/home/home_screen.dart:27:40: Error: The method 'toggleTheme' isn't defined for the type 'BuildContext'.
   - 'BuildContext' is from 'package:flutter/src/widgets/framework.dart' ('../../../../develop/flutter/packages/flutter/lib/src/widgets/framework.dart').
  Try correcting the name to the name of an existing method, or defining a method named 'toggleTheme'.
                onPressed: () => context.toggleTheme(),
                                         ^^^^^^^^^^^
  lib/presentation/screens/home/home_screen.dart:113:28: Error: The method 'ToolCard' isn't defined for the type 'HomeScreen'.
   - 'HomeScreen' is from 'package:kitbase_flutter/presentation/screens/home/home_screen.dart' ('lib/presentation/screens/home/home_screen.dart').
  Try correcting the name to the name of an existing method, or defining a method named 'ToolCard'.
                      return ToolCard(tool: popularTools[index], onTap: () {});
                             ^^^^^^^^
  lib/presentation/screens/home/home_screen.dart:127:30: Error: The getter 'ToolsRegistry' isn't defined for the type 'HomeScreen'.
   - 'HomeScreen' is from 'package:kitbase_flutter/presentation/screens/home/home_screen.dart' ('lib/presentation/screens/home/home_screen.dart').
  Try correcting the name to the name of an existing getter, or defining a getter or field named 'ToolsRegistry'.
                    itemCount: ToolsRegistry.categories.length,
                               ^^^^^^^^^^^^^
  lib/presentation/screens/home/home_screen.dart:132:33: Error: The getter 'ToolsRegistry' isn't defined for the type 'HomeScreen'.
   - 'HomeScreen' is from 'package:kitbase_flutter/presentation/screens/home/home_screen.dart' ('lib/presentation/screens/home/home_screen.dart').
  Try correcting the name to the name of an existing getter, or defining a getter or field named 'ToolsRegistry'.
                        category: ToolsRegistry.categories[index],
                                  ^^^^^^^^^^^^^
  lib/presentation/screens/home/home_screen.dart:131:28: Error: The method 'CategoryCard' isn't defined for the type 'HomeScreen'.
   - 'HomeScreen' is from 'package:kitbase_flutter/presentation/screens/home/home_screen.dart' ('lib/presentation/screens/home/home_screen.dart').
  Try correcting the name to the name of an existing method, or defining a method named 'CategoryCard'.
                      return CategoryCard(
                             ^^^^^^^^^^^^
  .
00:00 +0 -1: Some tests failed.
